// Jest Snapshot v1, https://goo.gl/fbAQLP

exports[`Preset can build a terria catalog 1`] = `
{
  "catalog": [
    {
      "id": "//PLATEAU dataset",
      "name": "PLATEAU dataset",
      "type": "group",
      "description": "This is a group on plateau.",
      "members": [
        {
          "id": "//PLATEAU dataset/Buildings",
          "name": "Buildings",
          "type": "group",
          "description": "This is a group on Buildings.",
          "members": [
            {
              "hideSource": true,
              "id": "//PLATEAU dataset/Buildings/Buildings (Chiyoda)",
              "name": "Buildings (Chiyoda)",
              "type": "3d-tiles",
              "url": "https://example.com/bldg_chiyoda/tileset.json",
              "featureInfoTemplate": {
                "template": "<table><tr><td>Name</td><td>{{name}}</td></tr><tr><td>Area (m2)</td><td>{{area}}</td></tr><tr><td>Arakawa innudation depth</td><td>{{arakawa_innudation_depth}}</td></tr><tr><td>Arakawa innudation duration</td><td>{{arakawa_innudation_duration}}</td></tr><tr><td>Kandagawa innudation depth</td><td>{{kandagawa_innudation_depth}}</td></tr><tr><td>Kandagawa innudation duration</td><td>{{kandagawa_innudation_duration}}</td></tr></table>"
              },
              "style": {
                "color": {
                  "conditions": [
                    [
                      "\${高さ} < 30",
                      "color('#B6B6B6', 1.0)"
                    ],
                    [
                      "\${高さ} < 60",
                      "color('#7BC963', 1.0)"
                    ],
                    [
                      "\${高さ} < 120",
                      "color('#2854D6', 1.0)"
                    ],
                    [
                      "\${高さ} >= 120",
                      "color('#D62828', 1.0)"
                    ],
                    [
                      "true",
                      "color('#FFFFFF', 1.0)"
                    ]
                  ]
                }
              }
            }
          ]
        },
        {
          "id": "//PLATEAU dataset/Disaster",
          "name": "Disaster",
          "type": "group",
          "description": "This is a group on disaster.",
          "members": [
            {
              "hideSource": true,
              "id": "//PLATEAU dataset/Disaster/Evacuation center",
              "name": "Evacuation center",
              "type": "kml",
              "url": "https://example.com/evacuation_center.kml",
              "description": "This is a dataset on evacuation centers."
            },
            {
              "hideSource": true,
              "id": "//PLATEAU dataset/Disaster/Disaster hospitals",
              "name": "Disaster hospitals",
              "type": "kml",
              "url": "https://example.com/disaster_hospital.kml",
              "description": "This is a dataset on evacuation centers.",
              "shortReportSections": [
                {
                  "content": "<img src='https://example.com/images/disaster_hospital.png'>",
                  "name": "_"
                },
                {
                  "content": "Some notes on disaster hospitals...",
                  "name": "__2"
                }
              ]
            },
            {
              "hideSource": true,
              "id": "//PLATEAU dataset/Disaster/Hazzard map",
              "name": "Hazzard map",
              "type": "kml",
              "url": "https://example.com/hazzard_map_flood.kml",
              "customProperties": {
                "switchableUrls": [
                  {
                    "label": "Flood",
                    "url": "https://example.com/hazzard_map_flood.kml"
                  },
                  {
                    "label": "Tsunami",
                    "url": "https://example.com/hazzard_map_tsunami.kml"
                  }
                ]
              },
              "description": "This is a dataset on hazzard map."
            }
          ]
        }
      ]
    },
    {
      "id": "//Root Group 2",
      "name": "Root Group 2",
      "type": "group",
      "members": []
    }
  ],
  "corsDomains": [
    "s3-ap-northeast-1.amazonaws.com"
  ]
}
`;
